// Jest Snapshot v1, https://goo.gl/fbAQLP

exports[`App should render correctly 1`] = `
<main>
  <header>
    <div>
      <button
        onClick={[Function]}
      >
        <i
          className="material-icons"
        >
          menu
        </i>
      </button>
      <h1>
        Mastermind
      </h1>
    </div>
  </header>
  <section
    className="page"
  />
</main>
`;
