// Jest Snapshot v1, https://goo.gl/fbAQLP

exports[`Options should render correctly 1`] = `
<form
  className="options"
  onSubmit={[Function]}
>
  <fieldset
    className="options__category"
  >
    <legend>
      Select a category
    </legend>
    <p>
      <label
        htmlFor="Any"
      >
        <input
          defaultChecked={true}
          id="Any"
          name="categorySelect"
          type="radio"
          value={0}
        />
        <span>
          Any
        </span>
      </label>
    </p>
    <p>
      <label
        htmlFor="General Knowledge"
      >
        <input
          defaultChecked={false}
          id="General Knowledge"
          name="categorySelect"
          type="radio"
          value={9}
        />
        <span>
          General Knowledge
        </span>
      </label>
    </p>
    <p>
      <label
        htmlFor="Music"
      >
        <input
          defaultChecked={false}
          id="Music"
          name="categorySelect"
          type="radio"
          value={12}
        />
        <span>
          Music
        </span>
      </label>
    </p>
    <p>
      <label
        htmlFor="Science & Nature"
      >
        <input
          defaultChecked={false}
          id="Science & Nature"
          name="categorySelect"
          type="radio"
          value={17}
        />
        <span>
          Science & Nature
        </span>
      </label>
    </p>
    <p>
      <label
        htmlFor="Mythology"
      >
        <input
          defaultChecked={false}
          id="Mythology"
          name="categorySelect"
          type="radio"
          value={20}
        />
        <span>
          Mythology
        </span>
      </label>
    </p>
    <p>
      <label
        htmlFor="Animals"
      >
        <input
          defaultChecked={false}
          id="Animals"
          name="categorySelect"
          type="radio"
          value={27}
        />
        <span>
          Animals
        </span>
      </label>
    </p>
  </fieldset>
  <fieldset
    className="options__difficulty"
  >
    <legend>
      Select a difficulty level
    </legend>
    <p>
      <label
        htmlFor="any"
      >
        <input
          defaultChecked={true}
          id="any"
          name="difficultySelect"
          type="radio"
          value="any"
        />
        <span>
          any
        </span>
      </label>
    </p>
    <p>
      <label
        htmlFor="easy"
      >
        <input
          defaultChecked={false}
          id="easy"
          name="difficultySelect"
          type="radio"
          value="easy"
        />
        <span>
          easy
        </span>
      </label>
    </p>
    <p>
      <label
        htmlFor="medium"
      >
        <input
          defaultChecked={false}
          id="medium"
          name="difficultySelect"
          type="radio"
          value="medium"
        />
        <span>
          medium
        </span>
      </label>
    </p>
    <p>
      <label
        htmlFor="hard"
      >
        <input
          defaultChecked={false}
          id="hard"
          name="difficultySelect"
          type="radio"
          value="hard"
        />
        <span>
          hard
        </span>
      </label>
    </p>
  </fieldset>
  <button
    className="btn"
    type="submit"
  >
    Submit
  </button>
</form>
`;
